TRY: 305 parite, 223 likit, 221 coin test ediliyor
USDT: 491 parite, 152 likit, 147 coin test ediliyor
# Gerçek veri testi

2026-10-04T20:18:03.264Z

Ayarlar: işlem başı %2 risk, en fazla 3 açık işlem, komisyon %0,1 (alış+satış), kayma %0,05, en düşük puan 50.

## Binance TR (221 coin)

### 365 gün

| Strateji | İşlem | Kaz.% | PF | Ort.R | Getiri% | DD% | Ayda sinyal |
|---|---|---|---|---|---|---|---|
| Dip | 47 | 30 | 0.82 | -0.17 | -8.9 | 19.8 | 3.9 |
| Trend | 103 | 47 | 1.20 | 0.12 | 17.2 | 18.4 | 13.6 |
| Kırılım | 347 | 41 | 0.91 | -0.04 | -20.7 | 31.1 | 99.5 |
| Retest | 105 | 41 | 0.97 | -0.01 | -2.4 | 21.7 | 17.6 |
| Önceki 3'lü | 362 | 41 | 0.98 | -0.02 | -5.4 | 36.4 | 113.6 |
| Yeni 4'lü | 378 | 42 | 0.94 | -0.02 | -14.7 | 35.7 | 123.0 |

Dönemlere bölünmüş (365 gün; geliştirme %60 / doğrulama %20 / görülmemiş %20):

| Strateji | Dönem | İşlem | Kaz.% | PF | Getiri% | DD% |
|---|---|---|---|---|---|---|
| Dip | Geliştirme | 23 | 30 | 0.73 | -7.3 | 9.6 |
| Dip | Doğrulama | 16 | 25 | 0.64 | -6.0 | 11.3 |
| Dip | Görülmemiş | 8 | 38 | 1.64 | 4.6 | 4.2 |
| Trend | Geliştirme | 53 | 42 | 0.95 | -2.5 | 18.4 |
| Trend | Doğrulama | 17 | 29 | 0.60 | -7.2 | 7.5 |
| Trend | Görülmemiş | 34 | 62 | 2.11 | 27.3 | 4.4 |
| Kırılım | Geliştirme | 178 | 42 | 1.09 | 9.8 | 14.0 |
| Kırılım | Doğrulama | 84 | 37 | 0.58 | -24.6 | 24.6 |
| Kırılım | Görülmemiş | 87 | 41 | 0.94 | -4.2 | 16.6 |
| Retest | Geliştirme | 41 | 44 | 1.35 | 10.8 | 8.5 |
| Retest | Doğrulama | 20 | 30 | 0.68 | -6.2 | 10.1 |
| Retest | Görülmemiş | 45 | 44 | 0.95 | -2.1 | 11.8 |
| Önceki 3'lü | Geliştirme | 196 | 41 | 1.03 | 3.8 | 16.1 |
| Önceki 3'lü | Doğrulama | 89 | 31 | 0.49 | -32.5 | 32.5 |
| Önceki 3'lü | Görülmemiş | 83 | 46 | 1.28 | 17.8 | 12.0 |
| Yeni 4'lü | Geliştirme | 201 | 43 | 1.10 | 12.5 | 16.5 |
| Yeni 4'lü | Doğrulama | 93 | 34 | 0.56 | -28.4 | 29.5 |
| Yeni 4'lü | Görülmemiş | 84 | 46 | 1.10 | 6.6 | 11.7 |

Yeni 4'lü, puana göre: 50+: 150 işlem, %35 kazanma, ort %-0.55 | 60+: 362 işlem, %46 kazanma, ort %0.52 | 70+: 571 işlem, %40 kazanma, ort %-0.23 | 80+: 334 işlem, %37 kazanma, ort %-0.86 | 90+: 80 işlem, %38 kazanma, ort %-0.58

Yeni 4'lü, piyasa durumuna göre: bull: 909 işlem, %41 kazanma, ort %-0.05 | mixed: 402 işlem, %40 kazanma, ort %-0.49 | bear: 186 işlem, %37 kazanma, ort %-0.64

### 180 gün

| Strateji | İşlem | Kaz.% | PF | Ort.R | Getiri% | DD% | Ayda sinyal |
|---|---|---|---|---|---|---|---|
| Dip | 30 | 30 | 0.89 | -0.15 | -3.5 | 16.2 | 5.2 |
| Trend | 71 | 51 | 1.53 | 0.26 | 35.2 | 10.5 | 19.7 |
| Kırılım | 213 | 42 | 0.89 | -0.04 | -17.3 | 31.1 | 125.8 |
| Retest | 83 | 41 | 0.92 | -0.03 | -5.9 | 21.7 | 30.5 |
| Önceki 3'lü | 209 | 43 | 1.00 | -0.00 | 0.7 | 36.4 | 145.0 |
| Yeni 4'lü | 219 | 42 | 0.93 | -0.03 | -10.3 | 35.7 | 161.8 |

### 90 gün

| Strateji | İşlem | Kaz.% | PF | Ort.R | Getiri% | DD% | Ayda sinyal |
|---|---|---|---|---|---|---|---|
| Dip | 12 | 33 | 1.29 | -0.06 | 3.4 | 7.4 | 4.0 |
| Trend | 43 | 53 | 1.51 | 0.25 | 16.9 | 10.1 | 22.7 |
| Kırılım | 103 | 42 | 0.88 | -0.03 | -9.2 | 16.6 | 121.7 |
| Retest | 51 | 39 | 0.81 | -0.06 | -9.3 | 14.7 | 38.0 |
| Önceki 3'lü | 97 | 49 | 1.29 | 0.12 | 19.7 | 12.0 | 142.3 |
| Yeni 4'lü | 104 | 46 | 1.06 | 0.03 | 4.2 | 11.7 | 163.0 |

## Binance Global (147 coin)

### 365 gün

| Strateji | İşlem | Kaz.% | PF | Ort.R | Getiri% | DD% | Ayda sinyal |
|---|---|---|---|---|---|---|---|
| Dip | 7 | 43 | 1.28 | 0.19 | 2.3 | 8.2 | 0.6 |
| Trend | 66 | 29 | 0.66 | -0.25 | -22.9 | 30.4 | 6.4 |
| Kırılım | 264 | 45 | 1.03 | 0.05 | 4.8 | 26.7 | 51.7 |
| Retest | 78 | 37 | 0.78 | -0.13 | -17.1 | 23.8 | 10.2 |
| Önceki 3'lü | 283 | 41 | 0.89 | -0.03 | -19.0 | 38.2 | 57.0 |
| Yeni 4'lü | 284 | 41 | 0.92 | -0.02 | -15.2 | 34.4 | 62.6 |

Dönemlere bölünmüş (365 gün; geliştirme %60 / doğrulama %20 / görülmemiş %20):

| Strateji | Dönem | İşlem | Kaz.% | PF | Getiri% | DD% |
|---|---|---|---|---|---|---|
| Dip | Geliştirme | 3 | 0 | 0.00 | -6.2 | 6.2 |
| Dip | Doğrulama | 2 | 50 | 1.93 | 2.0 | 2.1 |
| Dip | Görülmemiş | 2 | 100 | — | 7.0 | 0.0 |
| Trend | Geliştirme | 33 | 27 | 0.65 | -12.5 | 16.6 |
| Trend | Doğrulama | 16 | 13 | 0.26 | -15.3 | 16.6 |
| Trend | Görülmemiş | 18 | 44 | 1.11 | 2.1 | 7.7 |
| Kırılım | Geliştirme | 148 | 43 | 0.97 | -3.1 | 26.7 |
| Kırılım | Doğrulama | 62 | 45 | 1.07 | 2.7 | 10.8 |
| Kırılım | Görülmemiş | 55 | 47 | 1.08 | 3.5 | 10.1 |
| Retest | Geliştirme | 31 | 45 | 1.28 | 7.6 | 8.7 |
| Retest | Doğrulama | 16 | 31 | 0.39 | -10.2 | 12.5 |
| Retest | Görülmemiş | 32 | 31 | 0.54 | -16.1 | 18.7 |
| Önceki 3'lü | Geliştirme | 157 | 38 | 0.73 | -27.1 | 31.5 |
| Önceki 3'lü | Doğrulama | 69 | 41 | 0.88 | -6.1 | 14.6 |
| Önceki 3'lü | Görülmemiş | 57 | 51 | 1.43 | 17.9 | 10.1 |
| Yeni 4'lü | Geliştirme | 153 | 39 | 0.86 | -14.4 | 25.8 |
| Yeni 4'lü | Doğrulama | 71 | 38 | 0.70 | -15.9 | 20.7 |
| Yeni 4'lü | Görülmemiş | 60 | 47 | 1.33 | 14.7 | 11.2 |

Yeni 4'lü, puana göre: 50+: 103 işlem, %36 kazanma, ort %-0.48 | 60+: 209 işlem, %40 kazanma, ort %-0.19 | 70+: 276 işlem, %36 kazanma, ort %-0.58 | 80+: 145 işlem, %41 kazanma, ort %-0.27 | 90+: 29 işlem, %38 kazanma, ort %-0.96

Yeni 4'lü, piyasa durumuna göre: bull: 477 işlem, %36 kazanma, ort %-0.66 | mixed: 182 işlem, %38 kazanma, ort %-0.37 | bear: 103 işlem, %46 kazanma, ort %0.63

### 180 gün

| Strateji | İşlem | Kaz.% | PF | Ort.R | Getiri% | DD% | Ayda sinyal |
|---|---|---|---|---|---|---|---|
| Dip | 7 | 43 | 1.28 | 0.19 | 2.3 | 8.2 | 1.2 |
| Trend | 46 | 28 | 0.65 | -0.29 | -17.2 | 25.2 | 8.5 |
| Kırılım | 152 | 48 | 1.17 | 0.13 | 20.1 | 19.8 | 60.3 |
| Retest | 60 | 37 | 0.74 | -0.13 | -15.7 | 23.8 | 16.2 |
| Önceki 3'lü | 165 | 44 | 1.04 | 0.03 | 5.2 | 23.3 | 67.5 |
| Yeni 4'lü | 169 | 42 | 0.98 | -0.00 | -1.9 | 29.6 | 76.7 |

### 90 gün

| Strateji | İşlem | Kaz.% | PF | Ort.R | Getiri% | DD% | Ayda sinyal |
|---|---|---|---|---|---|---|---|
| Dip | 3 | 100 | — | 1.84 | 11.4 | 0.0 | 1.0 |
| Trend | 25 | 36 | 0.89 | -0.09 | -3.0 | 13.5 | 9.0 |
| Kırılım | 68 | 41 | 0.84 | -0.09 | -7.7 | 19.8 | 54.0 |
| Retest | 38 | 32 | 0.53 | -0.28 | -19.3 | 19.9 | 18.3 |
| Önceki 3'lü | 75 | 44 | 1.19 | 0.03 | 10.6 | 19.0 | 61.7 |
| Yeni 4'lü | 78 | 41 | 1.14 | -0.03 | 8.2 | 20.0 | 71.3 |

